// Jest Snapshot v1, https://goo.gl/fbAQLP

exports[`Info Component should render 1`] = `
<div
  className="MuiGrid-root makeStyles-info-1 MuiGrid-item"
>
  <div
    className="MuiPaper-root makeStyles-paper-2 MuiPaper-elevation1"
  />
</div>
`;
